// Jest Snapshot v1, https://goo.gl/fbAQLP

exports[`can abort a fetch 1 1`] = `[]`;

exports[`can abort a fetch 2 1`] = `[]`;

exports[`can abort a fetch 3 1`] = `
[
  [
    "http://foo.com/",
    0,
    32767,
    {
      "signal": AbortSignal {
        Symbol(kEvents): Map {},
        Symbol(events.maxEventTargetListeners): 10,
        Symbol(events.maxEventTargetListenersWarned): false,
        Symbol(kHandlers): Map {},
        Symbol(kAborted): true,
        Symbol(kReason): DOMException {},
        Symbol(kComposite): false,
      },
    },
  ],
]
`;
