// Jest Snapshot v1, https://goo.gl/fbAQLP

exports[`super duper cache can abort a fetch 1`] = `
Array [
  Array [
    "http://foo.com/",
    0,
    32767,
    Object {
      "signal": AbortSignal {},
    },
  ],
]
`;
